../Core/Src/cJSON.c:95:28:cJSON_GetErrorPtr	8	static
../Core/Src/cJSON.c:100:22:cJSON_GetStringValue	16	static
../Core/Src/cJSON.c:110:22:cJSON_GetNumberValue	16	static
../Core/Src/cJSON.c:125:27:cJSON_Version	16	static
../Core/Src/cJSON.c:134:12:case_insensitive_strcmp	24	static
../Core/Src/cJSON.c:189:23:cJSON_strdup	24	static
../Core/Src/cJSON.c:210:20:cJSON_InitHooks	16	static
../Core/Src/cJSON.c:242:15:cJSON_New_Item	24	static
../Core/Src/cJSON.c:254:20:cJSON_Delete	24	static
../Core/Src/cJSON.c:278:22:get_decimal_point	8	static
../Core/Src/cJSON.c:306:19:parse_number	112	static
../Core/Src/cJSON.c:383:22:cJSON_SetNumberHelper	24	static
../Core/Src/cJSON.c:401:21:cJSON_SetValuestring	32	static
../Core/Src/cJSON.c:440:23:ensure	24	static
../Core/Src/cJSON.c:526:13:update_offset	32	static
../Core/Src/cJSON.c:539:19:compare_double	64	static
../Core/Src/cJSON.c:544:6:reverse	32	static
../Core/Src/cJSON.c:560:5:intToStr	32	static
../Core/Src/cJSON.c:577:6:Shift_array_byPosition	16	static
../Core/Src/cJSON.c:586:6:ftoa_new	56	static
../Core/Src/cJSON.c:610:19:print_number	112	static
../Core/Src/cJSON.c:768:17:parse_hex4	24	static
../Core/Src/cJSON.c:805:22:utf16_literal_to_utf8	48	static
../Core/Src/cJSON.c:926:19:parse_string	56	static
../Core/Src/cJSON.c:1055:19:print_string_ptr	40	static
../Core/Src/cJSON.c:1177:19:print_string	16	static
../Core/Src/cJSON.c:1191:22:buffer_skip_whitespace	16	static
../Core/Src/cJSON.c:1217:22:skip_utf8_bom	16	static
../Core/Src/cJSON.c:1232:23:cJSON_ParseWithOpts	32	static
../Core/Src/cJSON.c:1248:23:cJSON_ParseWithLengthOpts	72	static
../Core/Src/cJSON.c:1328:23:cJSON_Parse	16	static
../Core/Src/cJSON.c:1333:23:cJSON_ParseWithLength	16	static
../Core/Src/cJSON.c:1340:23:print	72	static
../Core/Src/cJSON.c:1405:22:cJSON_Print	16	static
../Core/Src/cJSON.c:1410:22:cJSON_PrintUnformatted	16	static
../Core/Src/cJSON.c:1415:22:cJSON_PrintBuffered	72	static
../Core/Src/cJSON.c:1445:26:cJSON_PrintPreallocated	72	static
../Core/Src/cJSON.c:1465:19:parse_value	16	static
../Core/Src/cJSON.c:1520:19:print_value	24	static
../Core/Src/cJSON.c:1594:19:parse_array	32	static
../Core/Src/cJSON.c:1692:19:print_array	32	static
../Core/Src/cJSON.c:1754:19:parse_object	32	static
../Core/Src/cJSON.c:1867:19:print_object	40	static
../Core/Src/cJSON.c:1981:19:cJSON_GetArraySize	24	static
../Core/Src/cJSON.c:2004:15:get_array_item	24	static
../Core/Src/cJSON.c:2023:23:cJSON_GetArrayItem	16	static
../Core/Src/cJSON.c:2033:15:get_object_item	32	static
../Core/Src/cJSON.c:2065:23:cJSON_GetObjectItem	16	static
../Core/Src/cJSON.c:2070:23:cJSON_GetObjectItemCaseSensitive	16	static
../Core/Src/cJSON.c:2075:26:cJSON_HasObjectItem	16	static
../Core/Src/cJSON.c:2081:13:suffix_object	16	static
../Core/Src/cJSON.c:2088:15:create_reference	24	static
../Core/Src/cJSON.c:2109:19:add_item_to_array	24	static
../Core/Src/cJSON.c:2143:26:cJSON_AddItemToArray	16	static
../Core/Src/cJSON.c:2155:14:cast_away_const	16	static
../Core/Src/cJSON.c:2164:19:add_item_to_object	32	static
../Core/Src/cJSON.c:2201:26:cJSON_AddItemToObject	40	static
../Core/Src/cJSON.c:2207:26:cJSON_AddItemToObjectCS	40	static
../Core/Src/cJSON.c:2212:26:cJSON_AddItemReferenceToArray	16	static
../Core/Src/cJSON.c:2222:26:cJSON_AddItemReferenceToObject	40	static
../Core/Src/cJSON.c:2232:22:cJSON_AddNullToObject	40	static
../Core/Src/cJSON.c:2244:22:cJSON_AddTrueToObject	40	static
../Core/Src/cJSON.c:2256:22:cJSON_AddFalseToObject	40	static
../Core/Src/cJSON.c:2268:22:cJSON_AddBoolToObject	48	static
../Core/Src/cJSON.c:2280:22:cJSON_AddNumberToObject	48	static
../Core/Src/cJSON.c:2296:22:cJSON_AddStringToObject	48	static
../Core/Src/cJSON.c:2308:22:cJSON_AddRawToObject	48	static
../Core/Src/cJSON.c:2320:22:cJSON_AddObjectToObject	40	static
../Core/Src/cJSON.c:2332:22:cJSON_AddArrayToObject	40	static
../Core/Src/cJSON.c:2344:23:cJSON_DetachItemViaPointer	16	static
../Core/Src/cJSON.c:2380:23:cJSON_DetachItemFromArray	16	static
../Core/Src/cJSON.c:2390:20:cJSON_DeleteItemFromArray	16	static
../Core/Src/cJSON.c:2395:23:cJSON_DetachItemFromObject	24	static
../Core/Src/cJSON.c:2402:23:cJSON_DetachItemFromObjectCaseSensitive	24	static
../Core/Src/cJSON.c:2409:20:cJSON_DeleteItemFromObject	16	static
../Core/Src/cJSON.c:2414:20:cJSON_DeleteItemFromObjectCaseSensitive	16	static
../Core/Src/cJSON.c:2420:26:cJSON_InsertItemInArray	32	static
../Core/Src/cJSON.c:2449:26:cJSON_ReplaceItemViaPointer	24	static
../Core/Src/cJSON.c:2498:26:cJSON_ReplaceItemInArray	24	static
../Core/Src/cJSON.c:2508:19:replace_item_in_object	24	static
../Core/Src/cJSON.c:2526:26:cJSON_ReplaceItemInObject	24	static
../Core/Src/cJSON.c:2531:26:cJSON_ReplaceItemInObjectCaseSensitive	24	static
../Core/Src/cJSON.c:2537:23:cJSON_CreateNull	16	static
../Core/Src/cJSON.c:2548:23:cJSON_CreateTrue	16	static
../Core/Src/cJSON.c:2559:23:cJSON_CreateFalse	16	static
../Core/Src/cJSON.c:2570:23:cJSON_CreateBool	24	static
../Core/Src/cJSON.c:2581:23:cJSON_CreateNumber	24	static
../Core/Src/cJSON.c:2607:23:cJSON_CreateString	24	static
../Core/Src/cJSON.c:2624:23:cJSON_CreateStringReference	24	static
../Core/Src/cJSON.c:2636:23:cJSON_CreateObjectReference	24	static
../Core/Src/cJSON.c:2647:23:cJSON_CreateArrayReference	24	static
../Core/Src/cJSON.c:2657:23:cJSON_CreateRaw	24	static
../Core/Src/cJSON.c:2674:23:cJSON_CreateArray	16	static
../Core/Src/cJSON.c:2685:23:cJSON_CreateObject	16	static
../Core/Src/cJSON.c:2697:23:cJSON_CreateIntArray	32	static
../Core/Src/cJSON.c:2737:23:cJSON_CreateFloatArray	32	static
../Core/Src/cJSON.c:2777:23:cJSON_CreateDoubleArray	32	static
../Core/Src/cJSON.c:2817:23:cJSON_CreateStringArray	32	static
../Core/Src/cJSON.c:2858:23:cJSON_Duplicate	32	static
../Core/Src/cJSON.c:2941:13:skip_oneline_comment	16	static
../Core/Src/cJSON.c:2954:13:skip_multiline_comment	16	static
../Core/Src/cJSON.c:2968:13:minify_string	16	static
../Core/Src/cJSON.c:2990:20:cJSON_Minify	24	static
../Core/Src/cJSON.c:3038:26:cJSON_IsInvalid	16	static
../Core/Src/cJSON.c:3048:26:cJSON_IsFalse	16	static
../Core/Src/cJSON.c:3058:26:cJSON_IsTrue	16	static
../Core/Src/cJSON.c:3069:26:cJSON_IsBool	16	static
../Core/Src/cJSON.c:3078:26:cJSON_IsNull	16	static
../Core/Src/cJSON.c:3088:26:cJSON_IsNumber	16	static
../Core/Src/cJSON.c:3098:26:cJSON_IsString	16	static
../Core/Src/cJSON.c:3108:26:cJSON_IsArray	16	static
../Core/Src/cJSON.c:3118:26:cJSON_IsObject	16	static
../Core/Src/cJSON.c:3128:26:cJSON_IsRaw	16	static
../Core/Src/cJSON.c:3138:26:cJSON_Compare	40	static
../Core/Src/cJSON.c:3263:22:cJSON_malloc	16	static
../Core/Src/cJSON.c:3268:20:cJSON_free	16	static
