../Core/Src/EC200U.c:36:9:modem_check_resp	16	static
../Core/Src/EC200U.c:46:6:modem_send_msg	16	static
../Core/Src/EC200U.c:51:6:modem_initiate_cmd	240	static
../Core/Src/EC200U.c:322:6:get_modem_info	8	static
../Core/Src/EC200U.c:333:6:modem_set_sim_configurations	8	static
../Core/Src/EC200U.c:355:6:modem_reset	8	static
../Core/Src/EC200U.c:360:6:modem_mqtt_init	8	static
../Core/Src/EC200U.c:379:6:modem_mqtt_publish	8	static
../Core/Src/EC200U.c:386:6:modem_mqtt_connect	216	static
../Core/Src/EC200U.c:394:6:modem_mqtt_disconnect	8	static
../Core/Src/EC200U.c:399:6:modem_handle_mqtt_urc_codes	8	static
../Core/Src/EC200U.c:443:6:format_json_message	48	static
../Core/Src/EC200U.c:482:8:convertDMMtoDecimal	72	static
../Core/Src/EC200U.c:490:5:modem_parse_gps_location	200	static
