../Core/Src/EC200U.c:51:9:modem_check_resp	16	static
../Core/Src/EC200U.c:58:6:modem_send_msg	16	static
../Core/Src/EC200U.c:63:6:Modem_MQTT_start	40	static
../Core/Src/EC200U.c:75:6:Modem_MQTT_Task	32	static
../Core/Src/EC200U.c:179:6:modem_initiate_cmd	240	static
../Core/Src/EC200U.c:458:6:get_modem_info	8	static
../Core/Src/EC200U.c:469:6:modem_set_sim_configurations	8	static
../Core/Src/EC200U.c:491:6:modem_reset	8	static
../Core/Src/EC200U.c:496:6:modem_mqtt_init	8	static
../Core/Src/EC200U.c:515:6:modem_mqtt_publish	8	static
../Core/Src/EC200U.c:523:6:modem_mqtt_connect	216	static
../Core/Src/EC200U.c:537:6:modem_mqtt_disconnect	8	static
../Core/Src/EC200U.c:542:6:modem_handle_mqtt_urc_codes	8	static
../Core/Src/EC200U.c:586:6:format_json_message	16	static
../Core/Src/EC200U.c:625:8:convertDMMtoDecimal	72	static
../Core/Src/EC200U.c:633:5:modem_parse_gps_location	200	static
