../Core/Src/main.c:83:6:Telemetry_timer_cb	16	static
../Core/Src/main.c:89:6:HAL_UARTEx_RxEventCallback	24	static
../Core/Src/main.c:112:5:main	16	static
../Core/Src/main.c:221:6:SystemClock_Config	88	static
../Core/Src/main.c:269:13:MX_USART1_UART_Init	8	static
../Core/Src/main.c:317:13:MX_USART2_UART_Init	8	static
../Core/Src/main.c:365:13:MX_GPIO_Init	48	static
../Core/Src/main.c:404:6:HAL_TIM_PeriodElapsedCallback	16	static
../Core/Src/main.c:421:6:Error_Handler	8	static,ignoring_inline_asm
