../Core/Src/Modem_BLE.c:63:6:Modem_BLE_Start	40	static
../Core/Src/Modem_BLE.c:69:6:Modem_BLE_Task	16	static
../Core/Src/Modem_BLE.c:174:6:modem_ble_init	8	static
../Core/Src/Modem_BLE.c:227:5:modem_parse_ble_state	56	static
../Core/Src/Modem_BLE.c:253:6:modem_create_ble_gatt_svc_characteristics	248	static
../Core/Src/Modem_BLE.c:413:6:modem_parse_ble_write_data	32	static
../Core/Src/Modem_BLE.c:460:6:hex_to_ascii	32	static
../Core/Src/Modem_BLE.c:479:6:asciiToHexStr	16	static
../Core/Src/Modem_BLE.c:489:6:modem_ble_update_client_lat_long	352	static
